\BOOKMARK [0][-]{chapter*.1}{\376\377\000A\000b\000s\000t\000r\000a\000c\000t}{}% 1
\BOOKMARK [0][-]{chapter*.2}{\376\377\000D\000e\000c\000l\000a\000r\000a\000t\000i\000o\000n}{}% 2
\BOOKMARK [0][-]{chapter*.3}{\376\377\000D\000e\000d\000i\000c\000a\000t\000i\000o\000n}{}% 3
\BOOKMARK [0][-]{chapter*.4}{\376\377\000A\000c\000k\000n\000o\000w\000l\000e\000d\000g\000e\000m\000e\000n\000t\000s}{}% 4
\BOOKMARK [0][-]{section*.7}{\376\377\000L\000i\000s\000t\000\040\000o\000f\000\040\000A\000c\000r\000o\000n\000y\000m\000s}{}% 5
\BOOKMARK [0][-]{section*.8}{\376\377\000L\000i\000s\000t\000\040\000o\000f\000\040\000F\000i\000g\000u\000r\000e\000s}{}% 6
\BOOKMARK [0][-]{chapter.10}{\376\377\000I\000n\000t\000r\000o\000d\000u\000c\000t\000i\000o\000n}{}% 7
\BOOKMARK [1][-]{section.11}{\376\377\000S\000e\000c\000t\000i\000o\000n\000\040\000H\000e\000a\000d\000i\000n\000g}{chapter.10}% 8
\BOOKMARK [2][-]{subsection.12}{\376\377\000S\000u\000b\000s\000e\000c\000t\000i\000o\000n\000\040\000H\000e\000a\000d\000i\000n\000g}{section.11}% 9
\BOOKMARK [2][-]{subsection.13}{\376\377\000S\000o\000m\000e\000\040\000m\000a\000t\000h\000s}{section.11}% 10
\BOOKMARK [2][-]{subsection.16}{\376\377\000T\000h\000e\000o\000r\000e\000m\000s\000,\000\040\000p\000r\000o\000o\000f\000s\000,\000\040\000d\000e\000f\000i\000n\000i\000t\000i\000o\000n\000s\000\040\000a\000n\000d\000\040\000e\000x\000a\000m\000p\000l\000e\000s}{section.11}% 11
\BOOKMARK [1][-]{section.20}{\376\377\000F\000i\000g\000u\000r\000e\000s\000\040\000a\000n\000d\000\040\000t\000a\000b\000l\000e\000s}{chapter.10}% 12
\BOOKMARK [2][-]{subsection.23}{\376\377\000P\000r\000o\000g\000r\000a\000m\000\040\000c\000o\000d\000e}{section.20}% 13
\BOOKMARK [1][-]{section.37}{\376\377\000R\000e\000f\000e\000r\000e\000n\000c\000i\000n\000g}{chapter.10}% 14
\BOOKMARK [1][-]{section.43}{\376\377\000L\000i\000s\000t\000\040\000o\000f\000\040\000A\000c\000r\000o\000n\000y\000m\000s}{chapter.10}% 15
\BOOKMARK [0][-]{chapter.44}{\376\377\000L\000i\000t\000e\000r\000a\000t\000u\000r\000e\000\040\000R\000e\000v\000i\000e\000w}{}% 16
\BOOKMARK [0][-]{chapter.45}{\376\377\000R\000e\000s\000e\000a\000r\000c\000h\000\040\000M\000e\000t\000h\000o\000d\000o\000l\000o\000g\000y}{}% 17
\BOOKMARK [0][-]{chapter.46}{\376\377\000R\000e\000s\000u\000l\000t\000s}{}% 18
\BOOKMARK [0][-]{chapter.47}{\376\377\000D\000i\000s\000c\000u\000s\000s\000i\000o\000n}{}% 19
\BOOKMARK [0][-]{chapter.48}{\376\377\000C\000o\000n\000c\000l\000u\000s\000i\000o\000n}{}% 20
\BOOKMARK [0][-]{section*.49}{\376\377\000R\000e\000f\000e\000r\000e\000n\000c\000e\000s}{}% 21
\BOOKMARK [0][-]{appendix.51}{\376\377\000E\000t\000h\000i\000c\000a\000l\000\040\000C\000l\000e\000a\000r\000a\000n\000c\000e\000\040\000C\000e\000r\000t\000i\000f\000i\000c\000a\000t\000e}{}% 22
\BOOKMARK [0][-]{appendix.52}{\376\377\000A\000p\000p\000e\000n\000d\000i\000x\000\040\000C\000h\000a\000p\000t\000e\000r}{}% 23
\BOOKMARK [1][-]{section.53}{\376\377\000A\000p\000p\000e\000n\000d\000i\000x\000\040\000s\000e\000c\000t\000i\000o\000n}{appendix.52}% 24
\BOOKMARK [0][-]{appendix.54}{\376\377\000A\000n\000o\000t\000h\000e\000r\000\040\000A\000p\000p\000e\000n\000d\000i\000x\000\040\000C\000h\000a\000p\000t\000e\000r}{}% 25
